2014-06-24T16:04:30.342+0000: 0.947: [GC2014-06-24T16:04:30.342+0000: 0.947: [DefNew: 16448K->1984K(18432K), 0.0303160 secs] 16448K->3189K(59328K), 0.0304310 secs] [Times: user=0.01 sys=0.00, real=0.03 secs] 
2014-06-24T16:04:32.138+0000: 2.742: [GC2014-06-24T16:04:32.138+0000: 2.743: [DefNew: 18432K->1984K(18432K), 0.0218800 secs] 19637K->4559K(59328K), 0.0219770 secs] [Times: user=0.01 sys=0.00, real=0.02 secs] 
2014-06-24T16:04:33.529+0000: 4.134: [GC2014-06-24T16:04:33.529+0000: 4.134: [DefNew: 18432K->1983K(18432K), 0.0238340 secs] 21007K->5809K(59328K), 0.0239390 secs] [Times: user=0.01 sys=0.00, real=0.03 secs] 
2014-06-24T16:04:34.442+0000: 5.047: [GC2014-06-24T16:04:34.442+0000: 5.047: [DefNew: 18431K->1983K(18432K), 0.0173300 secs] 22257K->6403K(59328K), 0.0174300 secs] [Times: user=0.00 sys=0.00, real=0.02 secs] 
2014-06-24T16:04:35.953+0000: 6.558: [GC2014-06-24T16:04:35.953+0000: 6.558: [DefNew: 18431K->1403K(18432K), 0.0333760 secs] 22851K->6442K(59328K), 0.0334240 secs] [Times: user=0.01 sys=0.00, real=0.03 secs] 
2014-06-24T16:04:37.586+0000: 8.191: [GC2014-06-24T16:04:37.587+0000: 8.191: [DefNew: 17851K->981K(18432K), 0.0217240 secs] 22890K->6728K(59328K), 0.0217960 secs] [Times: user=0.01 sys=0.00, real=0.02 secs] 
2014-06-24T16:04:38.739+0000: 9.344: [GC2014-06-24T16:04:38.739+0000: 9.344: [DefNew: 17429K->1292K(18432K), 0.0152550 secs] 23176K->7040K(59328K), 0.0153070 secs] [Times: user=0.00 sys=0.00, real=0.02 secs] 
2014-06-24T16:04:39.386+0000: 9.991: [GC2014-06-24T16:04:39.386+0000: 9.991: [DefNew: 17740K->962K(18432K), 0.0066000 secs] 23488K->7143K(59328K), 0.0066880 secs] [Times: user=0.00 sys=0.00, real=0.00 secs] 
2014-06-24T16:04:39.837+0000: 10.442: [GC2014-06-24T16:04:39.837+0000: 10.442: [DefNew: 17410K->998K(18432K), 0.0033280 secs] 23591K->7179K(59328K), 0.0033660 secs] [Times: user=0.00 sys=0.00, real=0.00 secs] 
2014-06-24T16:04:40.545+0000: 11.150: [GC2014-06-24T16:04:40.545+0000: 11.150: [DefNew: 17446K->948K(18432K), 0.0033980 secs] 23627K->7249K(59328K), 0.0034880 secs] [Times: user=0.00 sys=0.00, real=0.00 secs] 
2014-06-24T16:04:41.293+0000: 11.898: [GC2014-06-24T16:04:41.293+0000: 11.898: [DefNew: 17396K->788K(18432K), 0.0034490 secs] 23697K->7089K(59328K), 0.0035480 secs] [Times: user=0.01 sys=0.00, real=0.01 secs] 
2014-06-24T16:04:42.019+0000: 12.624: [GC2014-06-24T16:04:42.019+0000: 12.624: [DefNew: 17236K->1632K(18432K), 0.0103570 secs] 23537K->7933K(59328K), 0.0104540 secs] [Times: user=0.00 sys=0.00, real=0.01 secs] 
2014-06-24T16:04:42.970+0000: 13.575: [GC2014-06-24T16:04:42.971+0000: 13.575: [DefNew: 18080K->1535K(18432K), 0.0200250 secs] 24381K->8397K(59328K), 0.0201180 secs] [Times: user=0.00 sys=0.00, real=0.02 secs] 
2014-06-24T16:04:43.396+0000: 14.001: [GC2014-06-24T16:04:43.396+0000: 14.001: [DefNew: 17983K->93K(18432K), 0.0061870 secs] 24845K->7389K(59328K), 0.0086360 secs] [Times: user=0.01 sys=0.00, real=0.01 secs] 
2014-06-24T16:04:44.689+0000: 15.293: [GC2014-06-24T16:04:44.689+0000: 15.293: [DefNew: 16541K->1078K(18432K), 0.0144260 secs] 23837K->8375K(59328K), 0.0145370 secs] [Times: user=0.01 sys=0.00, real=0.01 secs] 
2014-06-24T16:04:45.708+0000: 16.313: [GC2014-06-24T16:04:45.708+0000: 16.313: [DefNew: 17526K->839K(18432K), 0.0179030 secs] 24823K->8470K(59328K), 0.0179800 secs] [Times: user=0.01 sys=0.00, real=0.02 secs] 
2014-06-24T16:04:46.866+0000: 17.471: [GC2014-06-24T16:04:46.866+0000: 17.471: [DefNew: 17287K->1498K(18432K), 0.0238090 secs] 24918K->9130K(59328K), 0.0297490 secs] [Times: user=0.01 sys=0.00, real=0.03 secs] 
2014-06-24T16:04:48.667+0000: 19.272: [GC2014-06-24T16:04:48.667+0000: 19.272: [DefNew: 17946K->960K(18432K), 0.0179220 secs] 25578K->9048K(59328K), 0.0180370 secs] [Times: user=0.00 sys=0.01, real=0.02 secs] 
2014-06-24T16:04:49.607+0000: 20.212: [GC2014-06-24T16:04:49.607+0000: 20.212: [DefNew: 17408K->970K(18432K), 0.0032810 secs] 25496K->9058K(59328K), 0.0033630 secs] [Times: user=0.00 sys=0.00, real=0.00 secs] 
2014-06-24T16:04:49.942+0000: 20.547: [GC2014-06-24T16:04:49.943+0000: 20.548: [DefNew: 17418K->1016K(18432K), 0.0067190 secs] 25506K->9104K(59328K), 0.0074880 secs] [Times: user=0.01 sys=0.00, real=0.01 secs] 
2014-06-24T16:04:51.024+0000: 21.629: [GC2014-06-24T16:04:51.024+0000: 21.629: [DefNew: 17464K->1364K(18432K), 0.0188730 secs] 25552K->9625K(59328K), 0.0189670 secs] [Times: user=0.00 sys=0.00, real=0.02 secs] 
2014-06-24T16:04:51.977+0000: 22.581: [GC2014-06-24T16:04:51.977+0000: 22.581: [DefNew: 17812K->1422K(18432K), 0.0215810 secs] 26073K->10206K(59328K), 0.0216950 secs] [Times: user=0.01 sys=0.00, real=0.02 secs] 
2014-06-24T16:04:53.106+0000: 23.710: [GC2014-06-24T16:04:53.106+0000: 23.710: [DefNew: 17870K->1557K(18432K), 0.0145580 secs] 26654K->10648K(59328K), 0.0146680 secs] [Times: user=0.00 sys=0.00, real=0.01 secs] 
2014-06-24T16:10:00.059+0000: 330.664: [GC2014-06-24T16:10:00.059+0000: 330.664: [DefNew: 18005K->766K(18432K), 0.0055490 secs] 27096K->10194K(59328K), 0.0056360 secs] [Times: user=0.01 sys=0.00, real=0.01 secs] 
2014-06-24T16:10:05.516+0000: 336.120: [GC2014-06-24T16:10:05.516+0000: 336.120: [DefNew: 17214K->1984K(18432K), 0.0220380 secs] 26642K->12168K(59328K), 0.0221460 secs] [Times: user=0.00 sys=0.00, real=0.02 secs] 
2014-06-24T16:11:04.780+0000: 395.385: [GC2014-06-24T16:11:04.780+0000: 395.385: [DefNew: 18432K->1754K(18432K), 0.0077050 secs] 28616K->12804K(59328K), 0.0078490 secs] [Times: user=0.01 sys=0.00, real=0.01 secs] 
2014-06-24T16:15:15.113+0000: 645.718: [GC2014-06-24T16:15:15.113+0000: 645.718: [DefNew: 18202K->438K(18432K), 0.0044870 secs] 29252K->11875K(59328K), 0.0046180 secs] [Times: user=0.00 sys=0.00, real=0.00 secs] 
2014-06-24T16:18:04.774+0000: 815.378: [GC2014-06-24T16:18:04.774+0000: 815.378: [DefNew: 16886K->1121K(18432K), 0.0070350 secs] 28323K->12558K(59328K), 0.0071520 secs] [Times: user=0.00 sys=0.00, real=0.01 secs] 
Heap
 def new generation   total 18432K, used 7188K [0x00000000bae00000, 0x00000000bc1f0000, 0x00000000c0130000)
  eden space 16448K,  36% used [0x00000000bae00000, 0x00000000bb3ecd40, 0x00000000bbe10000)
  from space 1984K,  56% used [0x00000000bbe10000, 0x00000000bbf28450, 0x00000000bc000000)
  to   space 1984K,   0% used [0x00000000bc000000, 0x00000000bc000000, 0x00000000bc1f0000)
 concurrent mark-sweep generation total 40896K, used 11437K [0x00000000c0130000, 0x00000000c2920000, 0x00000000fae00000)
 concurrent-mark-sweep perm gen total 37568K, used 37498K [0x00000000fae00000, 0x00000000fd2b0000, 0x0000000100000000)
